// Jest Snapshot v1, https://goo.gl/fbAQLP

exports[`Matches snapshoton DisplayComponent 1`] = `
<View
  accessible={true}
  focusable={true}
  onBlur={[Function]}
  onClick={[Function]}
  onFocus={[Function]}
  onResponderGrant={[Function]}
  onResponderMove={[Function]}
  onResponderRelease={[Function]}
  onResponderTerminate={[Function]}
  onResponderTerminationRequest={[Function]}
  onStartShouldSetResponder={[Function]}
  style={
    Object {
      "alignItems": "center",
      "backgroundColor": undefined,
      "borderColor": "black",
      "borderRadius": 25,
      "borderWidth": 2,
      "height": 50,
      "justifyContent": "center",
      "margin": 5,
      "width": 50,
    }
  }
>
  <Text />
</View>
`;
